../Core/Src/main.c:98:5:main	32	static
../Core/Src/main.c:249:6:SystemClock_Config	88	static
../Core/Src/main.c:291:13:MX_I2C1_Init	8	static
../Core/Src/main.c:325:13:MX_TIM2_Init	32	static
../Core/Src/main.c:370:13:MX_USART1_UART_Init	8	static
../Core/Src/main.c:403:13:MX_USART6_UART_Init	8	static
../Core/Src/main.c:436:13:MX_GPIO_Init	40	static
../Core/Src/main.c:471:6:StartNewGame	24	static
../Core/Src/main.c:504:6:ProcessUARTMessage	32	static
../Core/Src/main.c:534:6:UpdateDisplay	112	static
../Core/Src/main.c:638:6:GenerateRandomDelay	8	static
../Core/Src/main.c:642:10:GetCurrentTime	4	static
../Core/Src/main.c:647:6:HAL_UART_RxCpltCallback	16	static
../Core/Src/main.c:679:6:Error_Handler	8	static,ignoring_inline_asm
