../Core/Src/main.c:448:6:SendReactionTime	8	static
../Core/Src/main.c:455:10:GetCurrentTime	0	static
../Core/Src/main.c:459:6:ActivateBuzzer	8	static
../Core/Src/main.c:465:6:DeactivateBuzzer	8	static
../Core/Src/main.c:470:6:ResetSlave	8	static
../Core/Src/main.c:488:6:ShowGameResult	24	static
../Core/Src/main.c:515:6:DisplayIdleScreen	24	static
../Core/Src/main.c:527:6:DisplayReadyScreen	16	static
../Core/Src/main.c:537:6:DisplayGoScreen	16	static
../Core/Src/main.c:416:6:ProcessUARTCommand	8	static
../Core/Src/main.c:545:6:DisplayPressedScreen	16	static
../Core/Src/main.c:553:6:HAL_UART_RxCpltCallback	16	static
../Core/Src/main.c:572:6:Error_Handler	8	static,ignoring_inline_asm
../Core/Src/main.c:211:6:SystemClock_Config	72	static
../Core/Src/main.c:98:5:main	72	static
